C51 COMPILER V9.55   TELLTALE_DRIVER                                                       06/16/2021 20:15:11 PAGE 1   


C51 COMPILER V9.55, COMPILATION OF MODULE TELLTALE_DRIVER
OBJECT MODULE PLACED IN .\Objects\Telltale_Driver.obj
COMPILER INVOKED BY: E:\Keil\C51\BIN\C51.EXE ..\..\04_02_Source\System\Telltale_Driver.c OPTIMIZE(8,SPEED) BROWSE DEBUG 
                    -OBJECTEXTEND PRINT(.\Listings\Telltale_Driver.lst) TABS(2) OBJECT(.\Objects\Telltale_Driver.obj)

line level    source

   1          #include "Common.h"
   2          #include "Telltale.h" 
   3          
   4          void TT_Dr_Init(void)
   5          {
   6   1        D   = HI;
   7   1        CLK = HI;
   8   1        OE  = LO;
   9   1      }
  10          
  11          void TT_Dr_Write(U1 TTData)
  12          {
  13   1        S1 s1_i;
  14   1        OE=LO;
  15   1        for(s1_i = (S1)7; s1_i >= (S1)0; s1_i--)
  16   1        {
  17   2          D = (TTData>>s1_i)&(U1)0x01;
  18   2          CLK = LO;
  19   2          CLK = HI;
  20   2        }
  21   1        OE=HI;
  22   1      }
  23          
  24          
  25          /* Delay & Blink 
  26          static void TT_Dr_allTTOn(void);
  27          static void TT_Dr_allTTOff(void);
  28          static void TT_Dr_Lightshow(void);
  29          static void delay(U2 Delay_Time);
  30          */
  31          
  32          
  33          /*
  34          
  35          static void TT_Dr_allTTOn(void)
  36          {
  37            TT_Dr_Write((U1)0x00);
  38          }
  39          
  40          static void TT_Dr_allTTOff(void)
  41          {
  42            TT_Dr_Write((U1)0xFF);
  43          }
  44          
  45          static void TT_Dr_Lightshow(void)
  46          {
  47            U1 u1_i;
  48            U1 TTData;
  49            TTData = (U1)0X01;
  50            for(u1_i = (U1)0; u1_i <= TT_LN; u1_i++)
  51            {
  52              TT_Dr_Write(TTData^(U1)0xFF); 
  53              TTData = TTData<<1; 
  54              delay((U2)0X0064);
C51 COMPILER V9.55   TELLTALE_DRIVER                                                       06/16/2021 20:15:11 PAGE 2   

  55            }
  56            
  57            TTData = (U1)0X80;
  58            for(u1_i = (U1)0; u1_i < TT_LN; u1_i++)
  59            {
  60              TT_Dr_Write(TTData^(U1)0xFF); 
  61              TTData = TTData>>1; 
  62              delay((U2)0X0064);
  63            }
  64          
  65            TTData = (U1)0X01;
  66            for(u1_i = (U1)0; u1_i < TT_LN; u1_i++)
  67            {
  68              TT_Dr_Write(TTData);  
  69              TTData = TTData<<1; 
  70              delay((U2)0X0064);
  71            }
  72            
  73            TTData = (U1)0X80;
  74            for(u1_i = (U1)0; u1_i <= TT_LN; u1_i++)
  75            {
  76              TT_Dr_Write(TTData);  
  77              TTData = TTData>>1; 
  78              delay((U2)0X0064);
  79            }
  80          }
  81          
  82          static void delay(U2 Delay_Time)
  83          {
  84            U2 count;  
  85          
  86            count = (U2)0X0000;
  87          
  88              while(count<=Delay_Time)
  89              {
  90              TMOD=0x01;  
  91              TH0=0xFC; 
  92              TL0=0x18; 
  93              TR0=1;      // Running the timer
  94              while(!TF0);   //Checking the timer flag register if it is not equal to 1 
  95              TR0 = 0;      // If TF0=1 stop the timer
  96              TF0 = 0;      // Clear the Timer Flag bit for next calculation
  97          
  98              count++;
  99              }
 100          
 101          }   
 102          */


MODULE INFORMATION:   STATIC OVERLAYABLE
   CODE SIZE        =     40    ----
   CONSTANT SIZE    =   ----    ----
   XDATA SIZE       =   ----    ----
   PDATA SIZE       =   ----    ----
   DATA SIZE        =   ----    ----
   IDATA SIZE       =   ----    ----
   BIT SIZE         =   ----    ----
END OF MODULE INFORMATION.


C51 COMPILATION COMPLETE.  0 WARNING(S),  0 ERROR(S)
